2026-05-21 22:16:09,615 - [WARNING] - ALERT: File modified - ./test_folder_1\secret.txt
2026-05-21 23:08:02,485 - [WARNING] - ALERT: File modified - ./test_folder_1\secret.txt
2026-05-21 23:13:50,562 - [WARNING] - ALERT: File deleted - ./test_folder_1\secret.txt
2026-05-21 23:14:00,566 - [WARNING] - ALERT: File deleted - ./test_folder_1\secret.txt
2026-05-21 23:14:10,571 - [WARNING] - ALERT: File deleted - ./test_folder_1\secret.txt
2026-05-21 23:31:35,103 - [WARNING] - ALERT: File modified - ./test_folder_1\secret.txt
2026-05-21 23:48:35,379 - [WARNING] - ALERT: File modified - ./test_folder_1\secret.txt
2026-05-21 23:50:38,213 - [WARNING] - ALERT: File modified - ./test_folder_1\secret.txt
2026-05-22 00:43:09,015 - [WARNING] - ALERT: File modified - ./test_folder_1\secret.txt
2026-05-22 11:39:53,202 - [WARNING] - ALERT: File modified - ./test_folder_1\secret.txt
2026-05-22 12:25:58,403 - [CRITICAL] - CRITICAL: baseline.enc has been tampered with! System compromised.
2026-05-22 12:45:52,448 - [WARNING] - ALERT: File modified - ./test_folder_1\secret.txt
2026-05-22 12:47:02,492 - [WARNING] - ALERT: File modified - ./test_folder_1\secret.txt
2026-05-23 22:14:35 - [WARNING] - ALERT: File modified - ./test_folder_1\secret.txt
2026-05-23 22:15:15 - [WARNING] - ALERT: File modified - ./test_folder_1\secret.txt
2026-05-23 22:17:11 - [WARNING] - ALERT: File modified - ./test_folder_1\secret.txt
2026-05-23 22:19:51 - [WARNING] - ALERT: File modified - ./test_folder_1\secret.txt
2026-05-24 18:59:29 - [WARNING] - ALERT: File modified - D:\Project SAGE 2\test_folder_1\secret.txt
2026-05-24 18:59:44 - [WARNING] - ALERT: File modified - D:\Project SAGE 2\test_folder_1\secret.txt
2026-05-25 16:55:27 - [WARNING] - ALERT: File modified - D:\Project SAGE 2\test_folder_1\secret.txt
2026-05-25 17:12:19 - [WARNING] - ALERT: File modified - D:\Project SAGE 2\test_folder_1\secret.txt
2026-05-25 17:12:40 - [WARNING] - ALERT: File modified - D:\Project SAGE 2\test_folder_1\secret.txt
2026-05-25 17:12:52 - [WARNING] - ALERT: File modified - D:\Project SAGE 2\test_folder_1\secret.txt
